
> client@0.0.0 test
> ng test --watch=false

Node.js version v25.2.1 detected.
Odd numbered Node.js versions will not enter LTS status and should not be used for production. For more information, please see https://nodejs.org/en/about/releases/.
Error: Could not find the '@angular-devkit/build-angular:karma' builder's node package.
